[  157877ms] [WARNING] The resource http://localhost:3000/_next/static/css/app/layout.css?v=1770395001749 was preloaded using link preload but not used within a few seconds from the window's load event. Please make sure it has an appropriate `as` value and it is preloaded intentionally. @ http://localhost:3000/dashboard?cliente=FRIGERI%20MARIA%20CRISTINA:0
[  157877ms] [WARNING] The resource http://localhost:3000/_next/static/css/app/dashboard/page.css?v=1770395001749 was preloaded using link preload but not used within a few seconds from the window's load event. Please make sure it has an appropriate `as` value and it is preloaded intentionally. @ http://localhost:3000/dashboard?cliente=FRIGERI%20MARIA%20CRISTINA:0
[  164595ms] [WARNING] The resource http://localhost:3000/_next/static/css/app/layout.css?v=1770395001749 was preloaded using link preload but not used within a few seconds from the window's load event. Please make sure it has an appropriate `as` value and it is preloaded intentionally. @ http://localhost:3000/dashboard?cliente=FRIGERI%20MARIA%20CRISTINA:0
[  164595ms] [WARNING] The resource http://localhost:3000/_next/static/css/app/dashboard/page.css?v=1770395001749 was preloaded using link preload but not used within a few seconds from the window's load event. Please make sure it has an appropriate `as` value and it is preloaded intentionally. @ http://localhost:3000/dashboard?cliente=FRIGERI%20MARIA%20CRISTINA:0
[  177017ms] [WARNING] The resource http://localhost:3000/_next/static/css/app/layout.css?v=1770395001749 was preloaded using link preload but not used within a few seconds from the window's load event. Please make sure it has an appropriate `as` value and it is preloaded intentionally. @ http://localhost:3000/dashboard?cliente=FRIGERI%20MARIA%20CRISTINA:0
[  177018ms] [WARNING] The resource http://localhost:3000/_next/static/css/app/dashboard/page.css?v=1770395001749 was preloaded using link preload but not used within a few seconds from the window's load event. Please make sure it has an appropriate `as` value and it is preloaded intentionally. @ http://localhost:3000/dashboard?cliente=FRIGERI%20MARIA%20CRISTINA:0
[  219362ms] [WARNING] Detected `scroll-behavior: smooth` on the `<html>` element. To disable smooth scrolling during route transitions, add `data-scroll-behavior="smooth"` to your <html> element. Learn more: https://nextjs.org/docs/messages/missing-data-scroll-behavior @ webpack-internal:///(app-pages-browser)/./node_modules/next/dist/next-devtools/shared/forward-logs-shared.js:27
[  415373ms] [WARNING] The resource http://localhost:3000/_next/static/css/app/layout.css?v=1770395259928 was preloaded using link preload but not used within a few seconds from the window's load event. Please make sure it has an appropriate `as` value and it is preloaded intentionally. @ http://localhost:3000/dashboard?cliente=FRIGERI%20MARIA%20CRISTINA:0
[  415373ms] [WARNING] The resource http://localhost:3000/_next/static/css/app/dashboard/page.css?v=1770395259928 was preloaded using link preload but not used within a few seconds from the window's load event. Please make sure it has an appropriate `as` value and it is preloaded intentionally. @ http://localhost:3000/dashboard?cliente=FRIGERI%20MARIA%20CRISTINA:0
[  419415ms] [WARNING] The resource http://localhost:3000/_next/static/css/app/layout.css?v=1770395259928 was preloaded using link preload but not used within a few seconds from the window's load event. Please make sure it has an appropriate `as` value and it is preloaded intentionally. @ http://localhost:3000/dashboard?cliente=FRIGERI%20MARIA%20CRISTINA:0
[  419415ms] [WARNING] The resource http://localhost:3000/_next/static/css/app/dashboard/page.css?v=1770395259928 was preloaded using link preload but not used within a few seconds from the window's load event. Please make sure it has an appropriate `as` value and it is preloaded intentionally. @ http://localhost:3000/dashboard?cliente=FRIGERI%20MARIA%20CRISTINA:0
[  445337ms] [WARNING] The resource http://localhost:3000/_next/static/css/app/layout.css?v=1770395259928 was preloaded using link preload but not used within a few seconds from the window's load event. Please make sure it has an appropriate `as` value and it is preloaded intentionally. @ http://localhost:3000/dashboard?cliente=FRIGERI%20MARIA%20CRISTINA:0
[  445337ms] [WARNING] The resource http://localhost:3000/_next/static/css/app/dashboard/page.css?v=1770395259928 was preloaded using link preload but not used within a few seconds from the window's load event. Please make sure it has an appropriate `as` value and it is preloaded intentionally. @ http://localhost:3000/dashboard?cliente=FRIGERI%20MARIA%20CRISTINA:0
[  471425ms] [WARNING] The resource http://localhost:3000/_next/static/css/app/layout.css?v=1770395259928 was preloaded using link preload but not used within a few seconds from the window's load event. Please make sure it has an appropriate `as` value and it is preloaded intentionally. @ http://localhost:3000/dashboard?cliente=FRIGERI%20MARIA%20CRISTINA:0
[  471425ms] [WARNING] The resource http://localhost:3000/_next/static/css/app/dashboard/page.css?v=1770395259928 was preloaded using link preload but not used within a few seconds from the window's load event. Please make sure it has an appropriate `as` value and it is preloaded intentionally. @ http://localhost:3000/dashboard?cliente=FRIGERI%20MARIA%20CRISTINA:0
[  475337ms] [ERROR] ./app/dashboard/page.tsx
Error:   x Unexpected token. Did you mean `{'}'}` or `&rbrace;`?
      ,-[C:\Users\rivas\Projects\imieiinvestimenti\app\dashboard\page.tsx:2763:1]
 2760 |                         Non ci sono movimenti in questo periodo
 2761 |                       </p>
 2762 |                     )
 2763 |                   )}
      :                    ^
 2764 |                 </div>
 2765 |               )}
 2765 | 
      `----
  x Expected '</', got 'div'
      ,-[C:\Users\rivas\Projects\imieiinvestimenti\app\dashboard\page.tsx:2764:1]
 2761 |                       </p>
 2762 |                     )
 2763 |                   )}
 2764 |                 </div>
      :                   ^^^
 2765 |               )}
 2766 | 
 2766 |               {/* Movimenti del Periodo - Solo per LIQUIDITY */}
      `----

Caused by:
    Syntax Error

Import trace for requested module:
./app/dashboard/page.tsx @ webpack-internal:///(app-pages-browser)/./node_modules/next/dist/next-devtools/userspace/app/errors/intercept-console-error.js:51
[  475629ms] [ERROR] Failed to load resource: the server responded with a status of 500 (Internal Server Error) @ http://localhost:3000/dashboard?cliente=FRIGERI%20MARIA%20CRISTINA&_rsc=1fe9k:0
[  475712ms] [ERROR] Failed to load resource: the server responded with a status of 500 (Internal Server Error) @ http://localhost:3000/dashboard?cliente=FRIGERI+MARIA+CRISTINA:0
[  476152ms] ModuleBuildError: Module build failed (from ./node_modules/next/dist/build/webpack/loaders/next-swc-loader.js):
Error:   x Unexpected token. Did you mean `{'}'}` or `&rbrace;`?
      ,-[C:\Users\rivas\Projects\imieiinvestimenti\app\dashboard\page.tsx:2763:1]
 2760 |                         Non ci sono movimenti in questo periodo
 2761 |                       </p>
 2762 |                     )
 2763 |                   )}
      :                    ^
 2764 |                 </div>
 2765 |               )}
 2765 | 
      `----
  x Expected '</', got 'div'
      ,-[C:\Users\rivas\Projects\imieiinvestimenti\app\dashboard\page.tsx:2764:1]
 2761 |                       </p>
 2762 |                     )
 2763 |                   )}
 2764 |                 </div>
      :                   ^^^
 2765 |               )}
 2766 | 
 2766 |               {/* Movimenti del Periodo - Solo per LIQUIDITY */}
      `----


Caused by:
    Syntax Error
    at processResult (file://C:\Users\rivas\Projects\imieiinvestimenti\node_modules\next\dist\compiled\webpack\bundle5.js:29:407096)
    at <unknown> (file://C:\Users\rivas\Projects\imieiinvestimenti\node_modules\next\dist\compiled\webpack\bundle5.js:29:408891)
    at <unknown> (file://C:\Users\rivas\Projects\imieiinvestimenti\node_modules\next\dist\compiled\loader-runner\LoaderRunner.js:1:8645)
    at <unknown> (file://C:\Users\rivas\Projects\imieiinvestimenti\node_modules\next\dist\compiled\loader-runner\LoaderRunner.js:1:5019)
    at r.callback (file://C:\Users\rivas\Projects\imieiinvestimenti\node_modules\next\dist\compiled\loader-runner\LoaderRunner.js:1:4039)
[  476153ms] [ERROR] ./app/dashboard/page.tsx
Error:   x Unexpected token. Did you mean `{'}'}` or `&rbrace;`?
      ,-[C:\Users\rivas\Projects\imieiinvestimenti\app\dashboard\page.tsx:2763:1]
 2760 |                         Non ci sono movimenti in questo periodo
 2761 |                       </p>
 2762 |                     )
 2763 |                   )}
      :                    ^
 2764 |                 </div>
 2765 |               )}
 2765 | 
      `----
  x Expected '</', got 'div'
      ,-[C:\Users\rivas\Projects\imieiinvestimenti\app\dashboard\page.tsx:2764:1]
 2761 |                       </p>
 2762 |                     )
 2763 |                   )}
 2764 |                 </div>
      :                   ^^^
 2765 |               )}
 2766 | 
 2766 |               {/* Movimenti del Periodo - Solo per LIQUIDITY */}
      `----

Caused by:
    Syntax Error @ webpack-internal:///(pages-dir-browser)/./node_modules/next/dist/next-devtools/userspace/pages/pages-dev-overlay-setup.js:70
[  496036ms] [ERROR] Failed to load resource: the server responded with a status of 404 (Not Found) @ http://localhost:3000/_next/static/webpack/abf0f472b70bdd0f.webpack.hot-update.json:0
[  496037ms] [WARNING] [Fast Refresh] performing full reload because your application had an unrecoverable error @ webpack-internal:///(pages-dir-browser)/./node_modules/next/dist/next-devtools/shared/forward-logs-shared.js:27
[  496238ms] [ERROR] Failed to load resource: the server responded with a status of 404 (Not Found) @ http://localhost:3000/_next/static/webpack/abf0f472b70bdd0f.webpack.hot-update.json:0
[  496238ms] [WARNING] [Fast Refresh] performing full reload because your application had an unrecoverable error @ webpack-internal:///(pages-dir-browser)/./node_modules/next/dist/next-devtools/shared/forward-logs-shared.js:27
[  497624ms] [ERROR] Failed to load resource: the server responded with a status of 404 (Not Found) @ http://localhost:3000/_next/static/webpack/abf0f472b70bdd0f.webpack.hot-update.json:0
[  497624ms] [WARNING] [Fast Refresh] performing full reload because your application had an unrecoverable error @ webpack-internal:///(pages-dir-browser)/./node_modules/next/dist/next-devtools/shared/forward-logs-shared.js:27
[ 5594094ms] ReferenceError: handleRecalculateAll is not defined
    at DashboardContent (webpack-internal:///(app-pages-browser)/./app/dashboard/page.tsx:3108:54)
    at Object.react_stack_bottom_frame (webpack-internal:///(app-pages-browser)/./node_modules/next/dist/compiled/react-dom/cjs/react-dom-client.development.js:28039:20)
    at renderWithHooks (webpack-internal:///(app-pages-browser)/./node_modules/next/dist/compiled/react-dom/cjs/react-dom-client.development.js:7985:22)
    at updateFunctionComponent (webpack-internal:///(app-pages-browser)/./node_modules/next/dist/compiled/react-dom/cjs/react-dom-client.development.js:10502:19)
    at beginWork (webpack-internal:///(app-pages-browser)/./node_modules/next/dist/compiled/react-dom/cjs/react-dom-client.development.js:12137:18)
    at runWithFiberInDEV (webpack-internal:///(app-pages-browser)/./node_modules/next/dist/compiled/react-dom/cjs/react-dom-client.development.js:987:30)
    at performUnitOfWork (webpack-internal:///(app-pages-browser)/./node_modules/next/dist/compiled/react-dom/cjs/react-dom-client.development.js:18998:22)
    at workLoopSync (webpack-internal:///(app-pages-browser)/./node_modules/next/dist/compiled/react-dom/cjs/react-dom-client.development.js:18826:41)
    at renderRootSync (webpack-internal:///(app-pages-browser)/./node_modules/next/dist/compiled/react-dom/cjs/react-dom-client.development.js:18807:11)
    at performWorkOnRoot (webpack-internal:///(app-pages-browser)/./node_modules/next/dist/compiled/react-dom/cjs/react-dom-client.development.js:17915:35)
    at performSyncWorkOnRoot (webpack-internal:///(app-pages-browser)/./node_modules/next/dist/compiled/react-dom/cjs/react-dom-client.development.js:20400:7)
    at flushSyncWorkAcrossRoots_impl (webpack-internal:///(app-pages-browser)/./node_modules/next/dist/compiled/react-dom/cjs/react-dom-client.development.js:20242:21)
    at flushSyncWork$1 (webpack-internal:///(app-pages-browser)/./node_modules/next/dist/compiled/react-dom/cjs/react-dom-client.development.js:18253:12)
    at Object.scheduleRefresh (webpack-internal:///(app-pages-browser)/./node_modules/next/dist/compiled/react-dom/cjs/react-dom-client.development.js:114:9)
    at eval (webpack-internal:///(app-pages-browser)/./node_modules/next/dist/compiled/react-refresh/cjs/react-refresh-runtime.development.js:265:17)
    at Set.forEach (<anonymous>)
    at Object.performReactRefresh (webpack-internal:///(app-pages-browser)/./node_modules/next/dist/compiled/react-refresh/cjs/react-refresh-runtime.development.js:254:26)
    at applyUpdate (webpack-internal:///(app-pages-browser)/./node_modules/next/dist/compiled/@next/react-refresh-utils/dist/internal/helpers.js:139:31)
    at statusHandler (webpack-internal:///(app-pages-browser)/./node_modules/next/dist/compiled/@next/react-refresh-utils/dist/internal/helpers.js:156:13)
    at setStatus (http://localhost:3000/_next/static/chunks/webpack.js?v=1770395415374:498:55)
    at http://localhost:3000/_next/static/chunks/webpack.js?v=1770395415374:667:21
[ 5594076ms] [WARNING] [Fast Refresh] performing full reload because your application had an unrecoverable error @ webpack-internal:///(app-pages-browser)/./node_modules/next/dist/next-devtools/shared/forward-logs-shared.js:27
[ 5608610ms] [ERROR] Failed to load resource: the server responded with a status of 404 (Not Found) @ http://localhost:3000/api/parse-pdf:0
[ 5778665ms] [ERROR] Failed to load resource: the server responded with a status of 404 (Not Found) @ http://localhost:3000/api/parse-pdf:0
[ 5944669ms] [ERROR] Failed to load resource: the server responded with a status of 404 (Not Found) @ http://localhost:3000/api/parse-pdf:0
